// Vitest Snapshot v1, https://vitest.dev/guide/snapshot.html

exports[`결정론 > 일지 스냅샷 — 심층(늪·정예 5인 + 유물) 1`] = `
{
  "entries": [
    {
      "capture": {
        "retried": false,
        "success": true,
      },
      "enemyPower": 496,
      "gold": 178,
      "hpAfter": 0.997545344310027,
      "index": 0,
      "monsterId": "bog-slime",
      "partyPower": 16165,
      "result": "win",
      "type": "encounter",
    },
    {
      "avoided": true,
      "eventId": "thorn-snare",
      "hpAfter": 0.997545344310027,
      "type": "trap",
    },
    {
      "capture": {
        "retried": false,
        "success": true,
      },
      "enemyPower": 584,
      "gold": 232,
      "hpAfter": 0.9946551851911877,
      "index": 1,
      "monsterId": "weeping-willow",
      "partyPower": 16165,
      "result": "win",
      "type": "encounter",
    },
    {
      "capture": {
        "retried": false,
        "success": true,
      },
      "enemyPower": 541,
      "gold": 178,
      "hpAfter": 0.991978818664701,
      "index": 2,
      "monsterId": "gnat-cloud",
      "partyPower": 16165,
      "result": "win",
      "type": "encounter",
    },
    {
      "capture": {
        "dupe": true,
        "retried": false,
        "success": true,
      },
      "enemyPower": 496,
      "gold": 178,
      "hpAfter": 0.9895241629747279,
      "index": 3,
      "monsterId": "bog-slime",
      "partyPower": 16165,
      "result": "win",
      "type": "encounter",
    },
    {
      "capture": {
        "retried": false,
        "success": true,
      },
      "enemyPower": 614,
      "gold": 232,
      "hpAfter": 0.9864835572168258,
      "index": 4,
      "monsterId": "swamp-chimera",
      "partyPower": 16165,
      "result": "win",
      "type": "encounter",
    },
    {
      "choice": "risky",
      "eventId": "strange-shrine",
      "hpAfter": 0.9864835572168258,
      "rewards": [
        {
          "count": 6,
          "kind": "material",
          "materialId": "chill-amber",
        },
        {
          "drop": {
            "itemId": "lucky-coin",
          },
          "kind": "artifact",
        },
      ],
      "salvaged": false,
      "success": true,
      "type": "crossroad",
    },
    {
      "capture": {
        "retried": false,
        "success": false,
      },
      "enemyPower": 864,
      "gold": 285,
      "hpAfter": 0.982207705369776,
      "index": 5,
      "monsterId": "lantern-titan",
      "partyPower": 16165,
      "result": "win",
      "type": "encounter",
    },
    {
      "capture": {
        "retried": false,
        "success": false,
      },
      "enemyPower": 544,
      "gold": 178,
      "hpAfter": 0.9795155023549668,
      "index": 6,
      "monsterId": "peat-imp",
      "partyPower": 16165,
      "result": "win",
      "type": "encounter",
    },
    {
      "eventId": "sunken-crate",
      "gold": 817,
      "hpAfter": 0.9795155023549668,
      "type": "treasure",
    },
    {
      "capture": {
        "retried": false,
        "success": true,
      },
      "enemyPower": 864,
      "gold": 285,
      "hpAfter": 0.9752396505079169,
      "index": 7,
      "monsterId": "hollow-armor",
      "partyPower": 16165,
      "result": "win",
      "type": "encounter",
    },
    {
      "capture": {
        "retried": false,
        "success": true,
      },
      "enemyPower": 557,
      "gold": 178,
      "hpAfter": 0.9724841015398181,
      "index": 8,
      "monsterId": "candle-ghost",
      "partyPower": 16165,
      "result": "win",
      "type": "encounter",
    },
    {
      "capture": {
        "retried": false,
        "success": true,
      },
      "enemyPower": 867,
      "gold": 285,
      "hpAfter": 0.9681924132044458,
      "index": 9,
      "monsterId": "tombstone-golem",
      "partyPower": 16165,
      "result": "win",
      "type": "encounter",
    },
    {
      "choice": "safe",
      "eventId": "ancient-door",
      "hpAfter": 0.9681924132044458,
      "rewards": [
        {
          "amount": 520,
          "kind": "gold",
        },
      ],
      "salvaged": false,
      "success": true,
      "type": "crossroad",
    },
    {
      "capture": {
        "retried": false,
        "success": false,
      },
      "enemyPower": 1440,
      "gold": 446,
      "hpAfter": 0.9610659934593627,
      "index": 10,
      "monsterId": "banshee-widow",
      "partyPower": 16165,
      "result": "win",
      "type": "encounter",
    },
    {
      "capture": {
        "retried": false,
        "success": false,
      },
      "enemyPower": 947,
      "gold": 285,
      "hpAfter": 0.9563783929159303,
      "index": 11,
      "monsterId": "marsh-siren",
      "partyPower": 16165,
      "result": "win",
      "type": "encounter",
    },
    {
      "eventId": "sunken-crate",
      "gold": 817,
      "hpAfter": 0.9563783929159303,
      "type": "treasure",
    },
    {
      "capture": {
        "retried": false,
        "success": true,
      },
      "enemyPower": 570,
      "gold": 178,
      "hpAfter": 0.9535594979945419,
      "index": 12,
      "monsterId": "chill-leech",
      "partyPower": 16165,
      "result": "win",
      "type": "encounter",
    },
    {
      "capture": {
        "retried": false,
        "success": true,
      },
      "enemyPower": 552,
      "gold": 178,
      "hpAfter": 0.9508277037589267,
      "index": 13,
      "monsterId": "cold-minnow",
      "partyPower": 16165,
      "result": "win",
      "type": "encounter",
    },
    {
      "count": 2,
      "eventId": "shiny-pool",
      "materialId": "chill-amber",
      "type": "gather",
    },
    {
      "artifact": {
        "itemId": "wooden-spear",
      },
      "type": "clearBox",
    },
  ],
  "expeditionId": "exp:snap-deep",
  "regionId": "sunken-marsh",
  "seed": "snap-deep",
  "tier": "deep",
  "totals": {
    "artifacts": [
      {
        "itemId": "lucky-coin",
      },
      {
        "itemId": "wooden-spear",
      },
    ],
    "capturedMonsterIds": [
      "bog-slime",
      "weeping-willow",
      "gnat-cloud",
      "swamp-chimera",
      "hollow-armor",
      "candle-ghost",
      "tombstone-golem",
      "chill-leech",
      "cold-minnow",
    ],
    "cards": {
      "bog-slime": 1,
    },
    "gold": 6813,
    "luresGained": 0,
    "luresUsed": 3,
    "materials": {
      "chill-amber": 8,
    },
    "seenMonsterIds": [
      "bog-slime",
      "weeping-willow",
      "gnat-cloud",
      "swamp-chimera",
      "lantern-titan",
      "peat-imp",
      "hollow-armor",
      "candle-ghost",
      "tombstone-golem",
      "banshee-widow",
      "marsh-siren",
      "chill-leech",
      "cold-minnow",
    ],
  },
  "wiped": false,
}
`;

exports[`결정론 > 일지 스냅샷 — 정찰(해안·스타터) 1`] = `
{
  "entries": [
    {
      "capture": {
        "retried": false,
        "success": true,
      },
      "enemyPower": 99,
      "gold": 31,
      "hpAfter": 0.944943944943945,
      "index": 0,
      "monsterId": "glass-eel",
      "partyPower": 144,
      "result": "win",
      "type": "encounter",
    },
    {
      "artifact": {
        "itemId": "seeker-talisman",
      },
      "eventId": "glowing-geode",
      "gold": 110,
      "hpAfter": 0.944943944943945,
      "type": "treasure",
    },
    {
      "capture": {
        "retried": false,
        "success": true,
      },
      "enemyPower": 93,
      "gold": 24,
      "hpAfter": 0.8934398934398935,
      "index": 1,
      "monsterId": "tide-tinker",
      "partyPower": 144,
      "result": "win",
      "type": "encounter",
    },
  ],
  "expeditionId": "exp:snap-scout",
  "regionId": "misty-coast",
  "seed": "snap-scout",
  "tier": "scout",
  "totals": {
    "artifacts": [
      {
        "itemId": "seeker-talisman",
      },
    ],
    "capturedMonsterIds": [
      "glass-eel",
      "tide-tinker",
    ],
    "cards": {},
    "gold": 165,
    "luresGained": 0,
    "luresUsed": 0,
    "materials": {},
    "seenMonsterIds": [
      "glass-eel",
      "tide-tinker",
    ],
  },
  "wiped": false,
}
`;
