// Vitest Snapshot v1, https://vitest.dev/guide/snapshot.html

exports[`결정론 > 일지 스냅샷 — 심층(늪·정예 5인 + 유물) 1`] = `
{
  "entries": [
    {
      "capture": {
        "retried": false,
        "success": false,
      },
      "enemyPower": 496,
      "gold": 134,
      "hpAfter": 0.9969738326588038,
      "index": 0,
      "monsterId": "bog-slime",
      "partyPower": 14751,
      "result": "win",
      "type": "encounter",
    },
    {
      "avoided": true,
      "eventId": "thorn-snare",
      "hpAfter": 0.9969738326588038,
      "type": "trap",
    },
    {
      "capture": {
        "retried": false,
        "success": true,
      },
      "enemyPower": 547,
      "gold": 134,
      "hpAfter": 0.9936352867533551,
      "index": 1,
      "monsterId": "rot-rat",
      "partyPower": 14751,
      "result": "win",
      "type": "encounter",
    },
    {
      "capture": {
        "retried": false,
        "success": true,
      },
      "enemyPower": 592,
      "gold": 134,
      "hpAfter": 0.9900234096041854,
      "index": 2,
      "monsterId": "gravemoss-crawler",
      "partyPower": 14751,
      "result": "win",
      "type": "encounter",
    },
    {
      "capture": {
        "retried": false,
        "success": true,
      },
      "enemyPower": 496,
      "gold": 134,
      "hpAfter": 0.9869972422629892,
      "index": 3,
      "monsterId": "bog-slime",
      "partyPower": 14751,
      "result": "win",
      "type": "encounter",
    },
    {
      "capture": {
        "retried": false,
        "success": true,
      },
      "enemyPower": 1030,
      "gold": 214,
      "hpAfter": 0.9807106236574075,
      "index": 4,
      "monsterId": "plague-heron",
      "partyPower": 14751,
      "result": "win",
      "type": "encounter",
    },
    {
      "capture": {
        "retried": false,
        "success": false,
      },
      "enemyPower": 1312,
      "gold": 334,
      "hpAfter": 0.9727059229484369,
      "index": 5,
      "monsterId": "bone-colossus",
      "partyPower": 14751,
      "result": "win",
      "type": "encounter",
    },
    {
      "choice": "risky",
      "eventId": "strange-shrine",
      "hpAfter": 0.9727059229484369,
      "rewards": [
        {
          "count": 6,
          "kind": "material",
          "materialId": "chill-amber",
        },
        {
          "drop": {
            "itemId": "patched-banner",
            "substats": [],
          },
          "kind": "artifact",
        },
      ],
      "salvaged": false,
      "success": true,
      "type": "crossroad",
    },
    {
      "capture": {
        "retried": false,
        "success": false,
      },
      "enemyPower": 592,
      "gold": 134,
      "hpAfter": 0.9690940457992673,
      "index": 6,
      "monsterId": "gravemoss-crawler",
      "partyPower": 14751,
      "result": "win",
      "type": "encounter",
    },
    {
      "eventId": "sunken-crate",
      "gold": 668,
      "hpAfter": 0.9690940457992673,
      "type": "treasure",
    },
    {
      "capture": {
        "essence": 3,
        "retried": false,
        "success": true,
      },
      "enemyPower": 547,
      "gold": 134,
      "hpAfter": 0.9657554998938186,
      "index": 7,
      "monsterId": "rot-rat",
      "partyPower": 14751,
      "result": "win",
      "type": "encounter",
    },
    {
      "capture": {
        "essence": 3,
        "retried": false,
        "success": true,
      },
      "enemyPower": 531,
      "gold": 134,
      "hpAfter": 0.9625145722896988,
      "index": 8,
      "monsterId": "mire-toad",
      "partyPower": 14751,
      "result": "win",
      "type": "encounter",
    },
    {
      "capture": {
        "essence": 8,
        "retried": false,
        "success": true,
      },
      "enemyPower": 947,
      "gold": 214,
      "hpAfter": 0.9567355688510274,
      "index": 9,
      "monsterId": "marsh-siren",
      "partyPower": 14751,
      "result": "win",
      "type": "encounter",
    },
    {
      "capture": {
        "retried": false,
        "success": false,
      },
      "enemyPower": 947,
      "gold": 214,
      "hpAfter": 0.950956565412356,
      "index": 10,
      "monsterId": "marsh-siren",
      "partyPower": 14751,
      "result": "win",
      "type": "encounter",
    },
    {
      "choice": "safe",
      "eventId": "ancient-door",
      "hpAfter": 0.950956565412356,
      "rewards": [
        {
          "amount": 520,
          "kind": "gold",
        },
      ],
      "salvaged": false,
      "success": true,
      "type": "crossroad",
    },
    {
      "capture": {
        "essence": 3,
        "retried": false,
        "success": true,
      },
      "enemyPower": 547,
      "gold": 134,
      "hpAfter": 0.9476180195069073,
      "index": 11,
      "monsterId": "rot-rat",
      "partyPower": 14751,
      "result": "win",
      "type": "encounter",
    },
    {
      "eventId": "sunken-crate",
      "gold": 668,
      "hpAfter": 0.9476180195069073,
      "type": "treasure",
    },
    {
      "capture": {
        "retried": false,
        "success": true,
      },
      "enemyPower": 512,
      "gold": 134,
      "hpAfter": 0.9444942338643821,
      "index": 12,
      "monsterId": "will-o-wisp",
      "partyPower": 14751,
      "result": "win",
      "type": "encounter",
    },
    {
      "capture": {
        "retried": false,
        "success": true,
      },
      "enemyPower": 614,
      "gold": 134,
      "hpAfter": 0.940745691093352,
      "index": 13,
      "monsterId": "mist-widow",
      "partyPower": 14751,
      "result": "win",
      "type": "encounter",
    },
    {
      "count": 1,
      "eventId": "shiny-pool",
      "materialId": "chill-amber",
      "type": "gather",
    },
    {
      "avoided": true,
      "eventId": "thorn-snare",
      "hpAfter": 0.940745691093352,
      "type": "trap",
    },
    {
      "count": 1,
      "eventId": "shiny-pool",
      "materialId": "chill-amber",
      "type": "gather",
    },
    {
      "artifact": {
        "itemId": "worn-buckler",
        "substats": [],
      },
      "type": "clearBox",
    },
  ],
  "expeditionId": "exp:snap-deep",
  "regionId": "sunken-marsh",
  "seed": "snap-deep",
  "tier": "deep",
  "totals": {
    "artifacts": [
      {
        "itemId": "patched-banner",
        "substats": [],
      },
      {
        "itemId": "worn-buckler",
        "substats": [],
      },
    ],
    "capturedMonsterIds": [
      "rot-rat",
      "gravemoss-crawler",
      "bog-slime",
      "plague-heron",
      "will-o-wisp",
      "mist-widow",
    ],
    "essence": {
      "marsh-siren": 8,
      "mire-toad": 3,
      "rot-rat": 6,
    },
    "gold": 5215,
    "luresGained": 0,
    "luresUsed": 3,
    "materials": {
      "chill-amber": 8,
    },
    "seenMonsterIds": [
      "bog-slime",
      "rot-rat",
      "gravemoss-crawler",
      "plague-heron",
      "bone-colossus",
      "mire-toad",
      "marsh-siren",
      "will-o-wisp",
      "mist-widow",
    ],
  },
  "wiped": false,
}
`;

exports[`결정론 > 일지 스냅샷 — 정찰(해안·스타터) 1`] = `
{
  "entries": [
    {
      "enemyPower": 160,
      "gold": 0,
      "hpAfter": 0.6114996114996115,
      "index": 0,
      "monsterId": "fog-lynx",
      "partyPower": 144,
      "result": "flee",
      "type": "encounter",
    },
    {
      "artifact": {
        "itemId": "keen-cutlass",
        "substats": [
          {
            "stat": "atkMult",
            "value": 0.058,
          },
        ],
      },
      "eventId": "glowing-geode",
      "gold": 90,
      "hpAfter": 0.6114996114996115,
      "type": "treasure",
    },
    {
      "capture": {
        "retried": false,
        "success": false,
      },
      "enemyPower": 99,
      "gold": 18,
      "hpAfter": 0.5495615495615496,
      "index": 1,
      "monsterId": "driftwood-golem",
      "partyPower": 144,
      "result": "win",
      "type": "encounter",
    },
  ],
  "expeditionId": "exp:snap-scout",
  "regionId": "misty-coast",
  "seed": "snap-scout",
  "tier": "scout",
  "totals": {
    "artifacts": [
      {
        "itemId": "keen-cutlass",
        "substats": [
          {
            "stat": "atkMult",
            "value": 0.058,
          },
        ],
      },
    ],
    "capturedMonsterIds": [],
    "essence": {},
    "gold": 108,
    "luresGained": 0,
    "luresUsed": 0,
    "materials": {},
    "seenMonsterIds": [
      "fog-lynx",
      "driftwood-golem",
    ],
  },
  "wiped": false,
}
`;
