// Vitest Snapshot v1, https://vitest.dev/guide/snapshot.html

exports[`결정론 > 일지 스냅샷 — 심층(늪·정예 5인 + 유물) 1`] = `
{
  "entries": [
    {
      "capture": {
        "retried": false,
        "success": true,
      },
      "enemyPower": 496,
      "gold": 178,
      "hpAfter": 0.9977013704039066,
      "index": 0,
      "monsterId": "bog-slime",
      "partyPower": 16745,
      "result": "win",
      "type": "encounter",
    },
    {
      "avoided": true,
      "eventId": "thorn-snare",
      "hpAfter": 0.9977013704039066,
      "type": "trap",
    },
    {
      "capture": {
        "retried": false,
        "success": true,
      },
      "enemyPower": 584,
      "gold": 232,
      "hpAfter": 0.9949949194278611,
      "index": 1,
      "monsterId": "weeping-willow",
      "partyPower": 16745,
      "result": "win",
      "type": "encounter",
    },
    {
      "capture": {
        "retried": false,
        "success": true,
      },
      "enemyPower": 541,
      "gold": 178,
      "hpAfter": 0.9924886716747012,
      "index": 2,
      "monsterId": "gnat-cloud",
      "partyPower": 16745,
      "result": "win",
      "type": "encounter",
    },
    {
      "capture": {
        "dupe": true,
        "retried": false,
        "success": true,
      },
      "enemyPower": 496,
      "gold": 178,
      "hpAfter": 0.9901900420786078,
      "index": 3,
      "monsterId": "bog-slime",
      "partyPower": 16745,
      "result": "win",
      "type": "encounter",
    },
    {
      "capture": {
        "retried": false,
        "success": true,
      },
      "enemyPower": 614,
      "gold": 232,
      "hpAfter": 0.9873427073531243,
      "index": 4,
      "monsterId": "swamp-chimera",
      "partyPower": 16745,
      "result": "win",
      "type": "encounter",
    },
    {
      "choice": "risky",
      "eventId": "strange-shrine",
      "hpAfter": 0.9873427073531243,
      "rewards": [
        {
          "count": 3,
          "kind": "material",
          "materialId": "grave-reed",
        },
        {
          "count": 3,
          "kind": "material",
          "materialId": "chill-amber",
        },
        {
          "drop": {
            "itemId": "lucky-coin",
          },
          "kind": "artifact",
        },
      ],
      "salvaged": false,
      "success": true,
      "type": "crossroad",
    },
    {
      "capture": {
        "retried": false,
        "success": false,
      },
      "enemyPower": 864,
      "gold": 285,
      "hpAfter": 0.9833386428954133,
      "index": 5,
      "monsterId": "lantern-titan",
      "partyPower": 16745,
      "result": "win",
      "type": "encounter",
    },
    {
      "capture": {
        "retried": false,
        "success": false,
      },
      "enemyPower": 544,
      "gold": 178,
      "hpAfter": 0.9808175652738915,
      "index": 6,
      "monsterId": "peat-imp",
      "partyPower": 16745,
      "result": "win",
      "type": "encounter",
    },
    {
      "eventId": "sunken-crate",
      "gold": 817,
      "hpAfter": 0.9808175652738915,
      "type": "treasure",
    },
    {
      "capture": {
        "retried": false,
        "success": true,
      },
      "enemyPower": 864,
      "gold": 285,
      "hpAfter": 0.9768135008161805,
      "index": 7,
      "monsterId": "hollow-armor",
      "partyPower": 16745,
      "result": "win",
      "type": "encounter",
    },
    {
      "capture": {
        "retried": false,
        "success": true,
      },
      "enemyPower": 557,
      "gold": 178,
      "hpAfter": 0.9742331037212111,
      "index": 8,
      "monsterId": "candle-ghost",
      "partyPower": 16745,
      "result": "win",
      "type": "encounter",
    },
    {
      "capture": {
        "retried": false,
        "success": true,
      },
      "enemyPower": 867,
      "gold": 285,
      "hpAfter": 0.9702142093951381,
      "index": 9,
      "monsterId": "tombstone-golem",
      "partyPower": 16745,
      "result": "win",
      "type": "encounter",
    },
    {
      "choice": "safe",
      "eventId": "ancient-door",
      "hpAfter": 0.9702142093951381,
      "rewards": [
        {
          "amount": 520,
          "kind": "gold",
        },
      ],
      "salvaged": false,
      "success": true,
      "type": "crossroad",
    },
    {
      "capture": {
        "retried": false,
        "success": false,
      },
      "enemyPower": 1440,
      "gold": 446,
      "hpAfter": 0.9635407686322863,
      "index": 10,
      "monsterId": "banshee-widow",
      "partyPower": 16745,
      "result": "win",
      "type": "encounter",
    },
    {
      "capture": {
        "retried": false,
        "success": false,
      },
      "enemyPower": 947,
      "gold": 285,
      "hpAfter": 0.959151127597166,
      "index": 11,
      "monsterId": "marsh-siren",
      "partyPower": 16745,
      "result": "win",
      "type": "encounter",
    },
    {
      "eventId": "sunken-crate",
      "gold": 817,
      "hpAfter": 0.959151127597166,
      "type": "treasure",
    },
    {
      "capture": {
        "retried": false,
        "success": true,
      },
      "enemyPower": 570,
      "gold": 178,
      "hpAfter": 0.956511411028749,
      "index": 12,
      "monsterId": "chill-leech",
      "partyPower": 16745,
      "result": "win",
      "type": "encounter",
    },
    {
      "capture": {
        "retried": false,
        "success": true,
      },
      "enemyPower": 552,
      "gold": 178,
      "hpAfter": 0.9539532587363225,
      "index": 13,
      "monsterId": "cold-minnow",
      "partyPower": 16745,
      "result": "win",
      "type": "encounter",
    },
    {
      "count": 2,
      "eventId": "shiny-pool",
      "materialId": "chill-amber",
      "type": "gather",
    },
    {
      "artifact": {
        "itemId": "wooden-spear",
      },
      "type": "clearBox",
    },
  ],
  "expeditionId": "exp:snap-deep",
  "regionId": "sunken-marsh",
  "seed": "snap-deep",
  "tier": "deep",
  "totals": {
    "artifacts": [
      {
        "itemId": "lucky-coin",
      },
      {
        "itemId": "wooden-spear",
      },
    ],
    "capturedMonsterIds": [
      "bog-slime",
      "weeping-willow",
      "gnat-cloud",
      "swamp-chimera",
      "hollow-armor",
      "candle-ghost",
      "tombstone-golem",
      "chill-leech",
      "cold-minnow",
    ],
    "cards": {
      "bog-slime": 1,
    },
    "gold": 6813,
    "luresGained": 0,
    "luresUsed": 3,
    "materials": {
      "chill-amber": 5,
      "grave-reed": 3,
    },
    "seenMonsterIds": [
      "bog-slime",
      "weeping-willow",
      "gnat-cloud",
      "swamp-chimera",
      "lantern-titan",
      "peat-imp",
      "hollow-armor",
      "candle-ghost",
      "tombstone-golem",
      "banshee-widow",
      "marsh-siren",
      "chill-leech",
      "cold-minnow",
    ],
  },
  "wiped": false,
}
`;

exports[`결정론 > 일지 스냅샷 — 정찰(해안·스타터) 1`] = `
{
  "entries": [
    {
      "capture": {
        "retried": false,
        "success": true,
      },
      "enemyPower": 99,
      "gold": 31,
      "hpAfter": 0.9460234754352401,
      "index": 0,
      "monsterId": "glass-eel",
      "partyPower": 147,
      "result": "win",
      "type": "encounter",
    },
    {
      "artifact": {
        "itemId": "seeker-talisman",
      },
      "eventId": "glowing-geode",
      "gold": 110,
      "hpAfter": 0.9460234754352401,
      "type": "treasure",
    },
    {
      "capture": {
        "retried": false,
        "success": true,
      },
      "enemyPower": 93,
      "gold": 24,
      "hpAfter": 0.8955293072940131,
      "index": 1,
      "monsterId": "tide-tinker",
      "partyPower": 147,
      "result": "win",
      "type": "encounter",
    },
  ],
  "expeditionId": "exp:snap-scout",
  "regionId": "misty-coast",
  "seed": "snap-scout",
  "tier": "scout",
  "totals": {
    "artifacts": [
      {
        "itemId": "seeker-talisman",
      },
    ],
    "capturedMonsterIds": [
      "glass-eel",
      "tide-tinker",
    ],
    "cards": {},
    "gold": 165,
    "luresGained": 0,
    "luresUsed": 0,
    "materials": {},
    "seenMonsterIds": [
      "glass-eel",
      "tide-tinker",
    ],
  },
  "wiped": false,
}
`;
